[03-Apr-2026 23:06:18 UTC] Automatic updates starting...
[03-Apr-2026 23:06:18 UTC] Automatic updates complete.
[04-Apr-2026 11:00:51 UTC] Automatic updates starting...
[04-Apr-2026 11:00:52 UTC] Automatic updates complete.
[05-Apr-2026 00:36:54 UTC] Automatic updates starting...
[05-Apr-2026 00:36:54 UTC] Automatic updates complete.
[05-Apr-2026 10:32:35 UTC] Automatic updates starting...
[05-Apr-2026 10:32:35 UTC] Automatic updates complete.
[05-Apr-2026 18:47:47 UTC] PHP Warning:  ws_jx_term_by_code(): uppercase code 'CA' — use lowercase to match ws_jurisdiction taxonomy slugs. in /home/customer/www/whistleblowershield.org/public_html/wp-content/plugins/ws-core/includes/queries/query-helpers.php on line 96
[05-Apr-2026 18:54:18 UTC] PHP Warning:  ws_jx_term_by_code(): uppercase code 'DC' — use lowercase to match ws_jurisdiction taxonomy slugs. in /home/customer/www/whistleblowershield.org/public_html/wp-content/plugins/ws-core/includes/queries/query-helpers.php on line 96
[05-Apr-2026 18:55:00 UTC] PHP Warning:  ws_jx_term_by_code(): uppercase code 'CA' — use lowercase to match ws_jurisdiction taxonomy slugs. in /home/customer/www/whistleblowershield.org/public_html/wp-content/plugins/ws-core/includes/queries/query-helpers.php on line 96
[05-Apr-2026 18:55:39 UTC] PHP Warning:  ws_jx_term_by_code(): uppercase code 'US' — use lowercase to match ws_jurisdiction taxonomy slugs. in /home/customer/www/whistleblowershield.org/public_html/wp-content/plugins/ws-core/includes/queries/query-helpers.php on line 96
[05-Apr-2026 19:28:29 UTC] PHP Warning:  ws_jx_term_by_code(): uppercase code 'CA' — use lowercase to match ws_jurisdiction taxonomy slugs. in /home/customer/www/whistleblowershield.org/public_html/wp-content/plugins/ws-core/includes/queries/query-helpers.php on line 96
[05-Apr-2026 19:33:24 UTC] PHP Warning:  ws_jx_term_by_code(): uppercase code 'CA' — use lowercase to match ws_jurisdiction taxonomy slugs. in /home/customer/www/whistleblowershield.org/public_html/wp-content/plugins/ws-core/includes/queries/query-helpers.php on line 96
[05-Apr-2026 19:35:26 UTC] PHP Warning:  ws_jx_term_by_code(): uppercase code 'CA' — use lowercase to match ws_jurisdiction taxonomy slugs. in /home/customer/www/whistleblowershield.org/public_html/wp-content/plugins/ws-core/includes/queries/query-helpers.php on line 96
[05-Apr-2026 22:10:30 UTC] PHP Warning:  ws_jx_term_by_code(): uppercase code 'CA' — use lowercase to match ws_jurisdiction taxonomy slugs. in /home/customer/www/whistleblowershield.org/public_html/wp-content/plugins/ws-core/includes/queries/query-helpers.php on line 96
[05-Apr-2026 22:10:52 UTC] PHP Warning:  ws_jx_term_by_code(): uppercase code 'CA' — use lowercase to match ws_jurisdiction taxonomy slugs. in /home/customer/www/whistleblowershield.org/public_html/wp-content/plugins/ws-core/includes/queries/query-helpers.php on line 96
[05-Apr-2026 22:13:03 UTC] PHP Warning:  ws_jx_term_by_code(): uppercase code 'AS' — use lowercase to match ws_jurisdiction taxonomy slugs. in /home/customer/www/whistleblowershield.org/public_html/wp-content/plugins/ws-core/includes/queries/query-helpers.php on line 96
[05-Apr-2026 22:13:11 UTC] PHP Warning:  ws_jx_term_by_code(): uppercase code 'DC' — use lowercase to match ws_jurisdiction taxonomy slugs. in /home/customer/www/whistleblowershield.org/public_html/wp-content/plugins/ws-core/includes/queries/query-helpers.php on line 96
[05-Apr-2026 22:13:30 UTC] PHP Warning:  ws_jx_term_by_code(): uppercase code 'CA' — use lowercase to match ws_jurisdiction taxonomy slugs. in /home/customer/www/whistleblowershield.org/public_html/wp-content/plugins/ws-core/includes/queries/query-helpers.php on line 96
[05-Apr-2026 22:13:39 UTC] PHP Warning:  ws_jx_term_by_code(): uppercase code 'CA' — use lowercase to match ws_jurisdiction taxonomy slugs. in /home/customer/www/whistleblowershield.org/public_html/wp-content/plugins/ws-core/includes/queries/query-helpers.php on line 96
[05-Apr-2026 22:59:00 UTC] Automatic updates starting...
[05-Apr-2026 22:59:00 UTC] Automatic updates complete.
[06-Apr-2026 00:56:03 UTC] PHP Warning:  ws_jx_term_by_code(): uppercase code 'CA' — use lowercase to match ws_jurisdiction taxonomy slugs. in /home/customer/www/whistleblowershield.org/public_html/wp-content/plugins/ws-core/includes/queries/query-helpers.php on line 96
[06-Apr-2026 00:56:27 UTC] PHP Warning:  ws_jx_term_by_code(): uppercase code 'MA' — use lowercase to match ws_jurisdiction taxonomy slugs. in /home/customer/www/whistleblowershield.org/public_html/wp-content/plugins/ws-core/includes/queries/query-helpers.php on line 96
[06-Apr-2026 00:56:39 UTC] PHP Warning:  ws_jx_term_by_code(): uppercase code 'CA' — use lowercase to match ws_jurisdiction taxonomy slugs. in /home/customer/www/whistleblowershield.org/public_html/wp-content/plugins/ws-core/includes/queries/query-helpers.php on line 96
[06-Apr-2026 00:56:43 UTC] PHP Warning:  ws_jx_term_by_code(): uppercase code 'CA' — use lowercase to match ws_jurisdiction taxonomy slugs. in /home/customer/www/whistleblowershield.org/public_html/wp-content/plugins/ws-core/includes/queries/query-helpers.php on line 96
[06-Apr-2026 01:14:27 UTC] PHP Warning:  ws_jx_term_by_code(): uppercase code 'CA' — use lowercase to match ws_jurisdiction taxonomy slugs. in /home/customer/www/whistleblowershield.org/public_html/wp-content/plugins/ws-core/includes/queries/query-helpers.php on line 96
[06-Apr-2026 01:14:30 UTC] PHP Warning:  ws_jx_term_by_code(): uppercase code 'CA' — use lowercase to match ws_jurisdiction taxonomy slugs. in /home/customer/www/whistleblowershield.org/public_html/wp-content/plugins/ws-core/includes/queries/query-helpers.php on line 96
[06-Apr-2026 01:17:10 UTC] PHP Warning:  ws_jx_term_by_code(): uppercase code 'CA' — use lowercase to match ws_jurisdiction taxonomy slugs. in /home/customer/www/whistleblowershield.org/public_html/wp-content/plugins/ws-core/includes/queries/query-helpers.php on line 96
[06-Apr-2026 01:17:15 UTC] PHP Warning:  ws_jx_term_by_code(): uppercase code 'CA' — use lowercase to match ws_jurisdiction taxonomy slugs. in /home/customer/www/whistleblowershield.org/public_html/wp-content/plugins/ws-core/includes/queries/query-helpers.php on line 96
[06-Apr-2026 02:34:18 UTC] PHP Warning:  ws_jx_term_by_code(): uppercase code 'CA' — use lowercase to match ws_jurisdiction taxonomy slugs. in /home/customer/www/whistleblowershield.org/public_html/wp-content/plugins/ws-core/includes/queries/query-helpers.php on line 96
[06-Apr-2026 02:34:25 UTC] PHP Warning:  ws_jx_term_by_code(): uppercase code 'CA' — use lowercase to match ws_jurisdiction taxonomy slugs. in /home/customer/www/whistleblowershield.org/public_html/wp-content/plugins/ws-core/includes/queries/query-helpers.php on line 96
[06-Apr-2026 04:35:26 UTC] PHP Warning:  ws_jx_term_by_code(): uppercase code 'CA' — use lowercase to match ws_jurisdiction taxonomy slugs. in /home/customer/www/whistleblowershield.org/public_html/wp-content/plugins/ws-core/includes/queries/query-helpers.php on line 96
[06-Apr-2026 04:35:30 UTC] PHP Warning:  ws_jx_term_by_code(): uppercase code 'CA' — use lowercase to match ws_jurisdiction taxonomy slugs. in /home/customer/www/whistleblowershield.org/public_html/wp-content/plugins/ws-core/includes/queries/query-helpers.php on line 96
[06-Apr-2026 07:23:42 UTC] PHP Warning:  ws_jx_term_by_code(): uppercase code 'CA' — use lowercase to match ws_jurisdiction taxonomy slugs. in /home/customer/www/whistleblowershield.org/public_html/wp-content/plugins/ws-core/includes/queries/query-helpers.php on line 96
[06-Apr-2026 07:28:52 UTC] PHP Warning:  ws_jx_term_by_code(): uppercase code 'CA' — use lowercase to match ws_jurisdiction taxonomy slugs. in /home/customer/www/whistleblowershield.org/public_html/wp-content/plugins/ws-core/includes/queries/query-helpers.php on line 96
[06-Apr-2026 11:52:59 UTC] Automatic updates starting...
[06-Apr-2026 11:52:59 UTC] Automatic updates complete.
[07-Apr-2026 00:00:59 UTC] Automatic updates starting...
[07-Apr-2026 00:00:59 UTC] Automatic updates complete.
[07-Apr-2026 02:21:17 UTC] PHP Warning:  ws_jx_term_by_code(): uppercase code 'CA' — use lowercase to match ws_jurisdiction taxonomy slugs. in /home/customer/www/whistleblowershield.org/public_html/wp-content/plugins/ws-core/includes/queries/query-helpers.php on line 96
[07-Apr-2026 07:28:13 UTC] PHP Warning:  Undefined variable $taxonomy in /home/customer/www/whistleblowershield.org/public_html/wp-content/plugins/ws-core/includes/admin/tools/tool-taxonomy-term-audit.php on line 362
[07-Apr-2026 07:33:10 UTC] PHP Warning:  ws_jx_term_by_code(): uppercase code 'US' — use lowercase to match ws_jurisdiction taxonomy slugs. in /home/customer/www/whistleblowershield.org/public_html/wp-content/plugins/ws-core/includes/queries/query-helpers.php on line 96
[07-Apr-2026 07:33:50 UTC] PHP Warning:  ws_jx_term_by_code(): uppercase code 'US' — use lowercase to match ws_jurisdiction taxonomy slugs. in /home/customer/www/whistleblowershield.org/public_html/wp-content/plugins/ws-core/includes/queries/query-helpers.php on line 96
[07-Apr-2026 12:27:58 UTC] Automatic updates starting...
[07-Apr-2026 12:27:58 UTC] Automatic updates complete.
[07-Apr-2026 22:46:13 UTC] Automatic updates starting...
[07-Apr-2026 22:46:13 UTC]   Automatic plugin updates starting...
[07-Apr-2026 22:46:13 UTC]   Automatic plugin updates complete.
[07-Apr-2026 22:46:13 UTC] Automatic updates complete.
