[2026-04-06 21:24:25 UTC]  CA-1-Common-law-NotebookLM.json  CA  CA-CL-PUBLIC-POLICY
  Tameny v. Atlantic Richfield Co. || establishes public policy exception || https://law.justia.com/cases/california/supreme-court/3d/27/167.html || law.justia.com || high
  Gantt v. Sentry Insurance || clarifies constitutional/statutory source requirement || https://law.justia.com/cases/california/supreme-court/4th/1/1083.html || law.justia.com || high
  Green v. Ralee Engineering Co. || applies administrative-rule sources || https://law.justia.com/cases/california/supreme-court/4th/19/66.html || law.justia.com || high
  Stevenson v. Superior Court || clarifies public-policy sources || https://law.justia.com/cases/california/supreme-court/4th/16/880.html || law.justia.com || high
  Turner v. Anheuser-Busch, Inc. || defines constructive discharge || https://law.justia.com/cases/california/supreme-court/4th/7/1238.html || law.justia.com || high
  Miklosy v. Regents of U.C. || limits public-entity claims || https://law.justia.com/cases/california/supreme-court/2008/s139133/ || law.justia.com || high
  Prue v. Brady Co./San Diego, Inc. || clarifies borrowed limitations period || https://law.justia.com/cases/california/court-of-appeal/2015/d066404.html || law.justia.com || moderate
  Barton v. New United Motor Manufacturing, Inc. || interprets prior limitations period || https://law.justia.com/cases/california/court-of-appeal/4th/43/1200.html || law.justia.com || moderate
---

[2026-04-06 21:24:26 UTC]  CA-22-Statute-NotebookLM.json  CA  CA-6310
  McDonald v. State of Cal. || addresses exhaustion pathway || https://law.justia.com/cases/california/court-of-appeal/2013/c069646.html || law.justia.com || high
  Wendy Cenis v. WinCo Holdings, Inc. || limits workplace-safety scope || https://law.justia.com/cases/federal/appellate-courts/ca9/18-16089/18-16089-2019-12-16.html || law.justia.com || moderate
---

[2026-04-06 21:24:26 UTC]  CA-22-Statute-NotebookLM.json  CA  CA-1102.5
  Lawson v. PPG Architectural Finishes, Inc. || establishes burden framework || https://supreme.courts.ca.gov/sites/default/files/supremecourt/default/2022-08/S266001.pdf || supreme.courts.ca.gov || high
  People ex rel. Garcia-Brower v. Kolla's, Inc. || confirms internal reports qualify || https://law.justia.com/cases/california/supreme-court/2023/s269456.html || law.justia.com || high
---

[2026-04-06 21:24:27 UTC]  CA-22-Statute-NotebookLM.json  CA  CA-1102.6
  Lawson v. PPG Architectural Finishes, Inc. || clarifies burden-shifting framework || https://supreme.courts.ca.gov/sites/default/files/supremecourt/default/2022-08/S266001.pdf || supreme.courts.ca.gov || high
---

[2026-04-06 21:24:27 UTC]  CA-22-Statute-NotebookLM.json  CA  CA-87160
  Mize-Kurzman v. Marin Community College Dist. || interprets protected disclosure scope || https://law.justia.com/cases/california/court-of-appeal/2012/a126937.html || law.justia.com || high
---

[2026-04-06 21:24:27 UTC]  MA-7-Statute-NotebookLM.json  MA  MA-149-185
  Bennett v. City of Holyoke || applies written-notice requirement || https://law.justia.com/cases/federal/appellate-courts/F3/362/1/632823/ || law.justia.com || high
  Dirrane v. Brookline Police Dep't || limits bypass of notice rule || https://law.justia.com/cases/federal/appellate-courts/F3/315/65/633064/ || law.justia.com || high
  Saunders v. Town of Hull || clarifies subsection (b)(1) framework || https://law.justia.com/cases/federal/appellate-courts/ca1/17-1174/17-1174-2017-10-27.html || law.justia.com || high
---

[2026-04-06 21:24:27 UTC]  MA-7-Statute-NotebookLM.json  MA  MA-149-187
  Blanchard v. Steward Carney Hospital, Inc. || clarifies mandatory-reporting overlap || https://law.justia.com/cases/massachusetts/supreme-court/2017/sjc-12141.html || law.justia.com || high
  Commodore v. Genesis Health Ventures, Inc. || interprets health-care facility coverage || https://law.justia.com/cases/massachusetts/court-of-appeals/volumes/63/63massappct57.html || law.justia.com || moderate
  Romero v. UHS of Westwood Pembroke, Inc. || applies provider-protection requirements || https://law.justia.com/cases/massachusetts/court-of-appeals/volumes/72/72massappct539.html || law.justia.com || moderate
---

[2026-04-06 21:24:27 UTC]  MA-7-Statute-NotebookLM.json  MA  MA-149-148A
  Smith v. Winter Place LLC || confirms wage-complaint retaliation scope || https://law.justia.com/cases/massachusetts/supreme-court/volumes/447/447mass363.html || law.justia.com || high
  Fraelick v. PerkettPR, Inc. || clarifies reasonable-belief protection || https://law.justia.com/cases/massachusetts/court-of-appeals/volumes/83/83massappct698.html || law.justia.com || moderate
  Parker v. EnerNOC, Inc. || confirms trebling of lost wages || https://law.justia.com/cases/massachusetts/supreme-court/volumes/484/484mass128.html || law.justia.com || high
---

[2026-04-06 21:24:28 UTC]  NJ-7-Statute-NotebookLM.json  NJ  NJ-34:19-1
  Estate of Roach v. TRW, Inc. || confirms reasonable belief standard || https://casetext.com/case/estate-of-roach-v-trw-inc || casetext.com || high
  Dzwonar v. McDevitt || clarifies public policy requirement || https://casetext.com/case/dzwonar-v-mcdevitt || casetext.com || high
  D'Annunzio v. Prudential Insurance Co. || expands coverage to contractors || https://casetext.com/case/dannunzio-v-prudential-ins-co-of-america || casetext.com || high
---

[2026-04-06 21:24:28 UTC]  NJ-7-Statute-NotebookLM.json  NJ  NJ-2A:32C-10
  MCDERMOTT v. LIFE SOURCE SERVICES, LLC et al || applies NJFCA retaliation pleading || https://law.justia.com/cases/federal/district-courts/new-jersey/njdce/2%3A2019cv15360/412098/303/ || law.justia.com || low
---

[2026-04-06 21:24:28 UTC]  NJ-7-Statute-NotebookLM.json  NJ  NJ-34:11-4.10
  Maia v. IEW Construction Group || clarifies prospective application || https://law.justia.com/cases/new-jersey/supreme-court/2024/a-3-23.html || law.justia.com || high
---

[2026-04-06 21:24:28 UTC]  NJ-7-Statute-NotebookLM.json  NJ  NJ-34:15-39.1
  Lally v. Copygraphics || establishes common law claim || https://casetext.com/case/lally-v-copygraphics || casetext.com || high
  Cerracchio v. Alden Leeds, Inc. || confirms state jurisdiction || https://casetext.com/case/cerracchio-v-alden-leeds-inc || casetext.com || moderate
---

[2026-04-06 21:24:28 UTC]  NJ-7-Statute-NotebookLM.json  NJ  NJ-34:6A-45
  Lepore v. National Tool and Mfg. Co. || confirms statutory retaliation landscape || https://law.justia.com/cases/new-jersey/appellate-division-published/1988/224-n-j-super-463-0.html || law.justia.com || moderate
---

[2026-04-06 21:24:28 UTC]  PA-11-Statute-NotebookLM.json  PA  PA-1421
  Bailets v. Pennsylvania Turnpike Commission || expands definition of public body || https://casetext.com/case/bailets-v-pa-turnpike-commn-1 || casetext.com || high
  Saltzman v. Thomas Jefferson Univ. Hosps. || clarifies coverage for private entities || https://casetext.com/case/saltzman-v-thomas-jefferson-univ-hosps-inc || casetext.com || high
  Bailets v. Pennsylvania Turnpike Commission || expands remedies || https://www.pacourts.us/assets/opinions/Supreme/out/majority%20opinion%20%20affirmed%20%2010348138434622319.pdf || pacourts.us || high
---

