[07-Apr-2026 00:00:59 UTC] Automatic updates starting...
[07-Apr-2026 00:00:59 UTC] Automatic updates complete.
[07-Apr-2026 02:21:17 UTC] PHP Warning:  ws_jx_term_by_code(): uppercase code 'CA' — use lowercase to match ws_jurisdiction taxonomy slugs. in /home/customer/www/whistleblowershield.org/public_html/wp-content/plugins/ws-core/includes/queries/query-helpers.php on line 96
[07-Apr-2026 07:28:13 UTC] PHP Warning:  Undefined variable $taxonomy in /home/customer/www/whistleblowershield.org/public_html/wp-content/plugins/ws-core/includes/admin/tools/tool-taxonomy-term-audit.php on line 362
[07-Apr-2026 07:33:10 UTC] PHP Warning:  ws_jx_term_by_code(): uppercase code 'US' — use lowercase to match ws_jurisdiction taxonomy slugs. in /home/customer/www/whistleblowershield.org/public_html/wp-content/plugins/ws-core/includes/queries/query-helpers.php on line 96
[07-Apr-2026 07:33:50 UTC] PHP Warning:  ws_jx_term_by_code(): uppercase code 'US' — use lowercase to match ws_jurisdiction taxonomy slugs. in /home/customer/www/whistleblowershield.org/public_html/wp-content/plugins/ws-core/includes/queries/query-helpers.php on line 96
[07-Apr-2026 12:27:58 UTC] Automatic updates starting...
[07-Apr-2026 12:27:58 UTC] Automatic updates complete.
[07-Apr-2026 22:46:13 UTC] Automatic updates starting...
[07-Apr-2026 22:46:13 UTC]   Automatic plugin updates starting...
[07-Apr-2026 22:46:13 UTC]   Automatic plugin updates complete.
[07-Apr-2026 22:46:13 UTC] Automatic updates complete.
[08-Apr-2026 01:51:27 UTC] WS FILTER GET: Array
(
    [ws_stage] => retaliation-active
    [ws_concern] => occupational-health-safety
    [ws_sector] => state-local-employee
    [ws_target] => internal-hr
)

[08-Apr-2026 01:51:27 UTC] WS FILTER QV ws_stage: retaliation-active
[08-Apr-2026 01:51:29 UTC] WS FILTER GET: Array
(
    [ws_stage] => retaliation-active
    [ws_concern] => occupational-health-safety
    [ws_sector] => state-local-employee
    [ws_target] => internal-hr
)

[08-Apr-2026 01:51:29 UTC] WS FILTER QV ws_stage: retaliation-active
[08-Apr-2026 01:51:30 UTC] WS FILTER GET: Array
(
    [ws_stage] => retaliation-active
    [ws_concern] => occupational-health-safety
    [ws_sector] => state-local-employee
    [ws_target] => internal-hr
)

[08-Apr-2026 01:51:30 UTC] WS FILTER QV ws_stage: retaliation-active
[08-Apr-2026 02:00:04 UTC] WS FILTER RAW: Array
(
    [ws_stage] => retaliation-active
    [ws_concern] => occupational-health-safety
    [ws_sector] => state-local-employee
    [ws_target] => internal-hr
)

[08-Apr-2026 02:00:04 UTC] WS FILTER CONST CHECK: STAGE=ws_stage
[08-Apr-2026 02:00:04 UTC] WS FILTER ALLOWED COUNT: MISSING
[08-Apr-2026 02:00:04 UTC] WS FILTER VALIDATE: param=ws_stage value=retaliation-active allowed_count=0 match=no
[08-Apr-2026 02:00:04 UTC] WS FILTER VALIDATE: param=ws_concern value=occupational-health-safety allowed_count=0 match=no
[08-Apr-2026 02:00:04 UTC] WS FILTER VALIDATE: param=ws_sector value=state-local-employee allowed_count=0 match=no
[08-Apr-2026 02:00:04 UTC] WS FILTER VALIDATE: param=ws_target value=internal-hr allowed_count=0 match=no
[08-Apr-2026 02:00:05 UTC] WS FILTER RAW: Array
(
    [ws_stage] => retaliation-active
    [ws_concern] => occupational-health-safety
    [ws_sector] => state-local-employee
    [ws_target] => internal-hr
)

[08-Apr-2026 02:00:05 UTC] WS FILTER CONST CHECK: STAGE=ws_stage
[08-Apr-2026 02:00:05 UTC] WS FILTER ALLOWED COUNT: MISSING
[08-Apr-2026 02:00:05 UTC] WS FILTER VALIDATE: param=ws_stage value=retaliation-active allowed_count=0 match=no
[08-Apr-2026 02:00:05 UTC] WS FILTER VALIDATE: param=ws_concern value=occupational-health-safety allowed_count=0 match=no
[08-Apr-2026 02:00:05 UTC] WS FILTER VALIDATE: param=ws_sector value=state-local-employee allowed_count=0 match=no
[08-Apr-2026 02:00:05 UTC] WS FILTER VALIDATE: param=ws_target value=internal-hr allowed_count=0 match=no
[08-Apr-2026 02:00:07 UTC] WS FILTER RAW: Array
(
    [ws_stage] => retaliation-active
    [ws_concern] => occupational-health-safety
    [ws_sector] => state-local-employee
    [ws_target] => internal-hr
)

[08-Apr-2026 02:00:07 UTC] WS FILTER CONST CHECK: STAGE=ws_stage
[08-Apr-2026 02:00:07 UTC] WS FILTER ALLOWED COUNT: MISSING
[08-Apr-2026 02:00:07 UTC] WS FILTER VALIDATE: param=ws_stage value=retaliation-active allowed_count=0 match=no
[08-Apr-2026 02:00:07 UTC] WS FILTER VALIDATE: param=ws_concern value=occupational-health-safety allowed_count=0 match=no
[08-Apr-2026 02:00:07 UTC] WS FILTER VALIDATE: param=ws_sector value=state-local-employee allowed_count=0 match=no
[08-Apr-2026 02:00:07 UTC] WS FILTER VALIDATE: param=ws_target value=internal-hr allowed_count=0 match=no
[08-Apr-2026 02:29:17 UTC] WS FILTER RAW: Array
(
    [ws_stage] => retaliation-active
    [ws_concern] => occupational-health-safety
    [ws_sector] => state-local-employee
    [ws_target] => internal-hr
)

[08-Apr-2026 02:29:17 UTC] WS FILTER CONST CHECK: STAGE=ws_stage
[08-Apr-2026 02:29:17 UTC] WS FILTER ALLOWED COUNT: 4
[08-Apr-2026 02:29:17 UTC] WS FILTER VALIDATE: param=ws_stage value=retaliation-active allowed_count=5 match=yes
[08-Apr-2026 02:29:17 UTC] WS FILTER VALIDATE: param=ws_concern value=occupational-health-safety allowed_count=37 match=yes
[08-Apr-2026 02:29:17 UTC] WS FILTER VALIDATE: param=ws_sector value=state-local-employee allowed_count=6 match=yes
[08-Apr-2026 02:29:17 UTC] WS FILTER VALIDATE: param=ws_target value=internal-hr allowed_count=15 match=yes
